simulator stopped
ok   SolveIt_Notebooks_for_rust/04_collisions/collision_04_newtons_cradle/collision_04_newtons_cradle.ipynb  (8 cells)
simulator stopped
ok   SolveIt_Notebooks_for_rust/04_collisions/collision_08_colliding_binary/collision_08_colliding_binary.ipynb  (8 cells)
simulator stopped
ok   SolveIt_Notebooks_for_rust/04_collisions/collision_12_two_dumbbells/collision_12_two_dumbbells.ipynb  (9 cells)
simulator stopped
ok   SolveIt_Notebooks_for_rust/03_dynamics_and_routh/dynamic_box_of_shapes/dynamic_box_of_shapes.ipynb  (11 cells)
simulator stopped
ok   SolveIt_Notebooks_for_rust/03_dynamics_and_routh/dynamic_colliding_binary/dynamic_colliding_binary.ipynb  (6 cells)
simulator stopped
ok   SolveIt_Notebooks_for_rust/03_dynamics_and_routh/dynamic_magnetic_spin_up/dynamic_magnetic_spin_up.ipynb  (7 cells)
simulator stopped
ok   SolveIt_Notebooks_for_rust/03_dynamics_and_routh/dynamic_routh_double_star_period/dynamic_routh_double_star_period.ipynb  (27 cells)
simulator stopped
ok   SolveIt_Notebooks_for_rust/03_dynamics_and_routh/dynamic_routh_p1_equal_periods/dynamic_routh_p1_equal_periods.ipynb  (15 cells)
simulator stopped
ok   SolveIt_Notebooks_for_rust/03_dynamics_and_routh/dynamic_routh_p1_geometric_progression/dynamic_routh_p1_geometric_progression.ipynb  (12 cells)
simulator stopped
ok   SolveIt_Notebooks_for_rust/03_dynamics_and_routh/dynamic_routh_p1_oblique_impact/dynamic_routh_p1_oblique_impact.ipynb  (13 cells)
simulator stopped
ok   SolveIt_Notebooks_for_rust/03_dynamics_and_routh/dynamic_routh_p1_two_trajectories/dynamic_routh_p1_two_trajectories.ipynb  (17 cells)
simulator stopped
ok   SolveIt_Notebooks_for_rust/03_dynamics_and_routh/dynamic_routh_p2_invariable_line/dynamic_routh_p2_invariable_line.ipynb  (14 cells)
simulator stopped
ok   SolveIt_Notebooks_for_rust/03_dynamics_and_routh/dynamic_routh_p2_polhode_quarter_period/dynamic_routh_p2_polhode_quarter_period.ipynb  (14 cells)
simulator stopped
ok   SolveIt_Notebooks_for_rust/03_dynamics_and_routh/dynamic_routh_p2_spin_stabilisation/dynamic_routh_p2_spin_stabilisation.ipynb  (12 cells)
simulator stopped
ok   SolveIt_Notebooks_for_rust/03_dynamics_and_routh/dynamic_routh_p2_uniaxal_precession/dynamic_routh_p2_uniaxal_precession.ipynb  (13 cells)
simulator stopped
ok   SolveIt_Notebooks_for_rust/03_dynamics_and_routh/dynamic_static_anchor/dynamic_static_anchor.ipynb  (7 cells)
simulator stopped
ok   SolveIt_Notebooks_for_rust/03_dynamics_and_routh/dynamic_tumbling_body/dynamic_tumbling_body.ipynb  (13 cells)
simulator stopped
ok   SolveIt_Notebooks_for_rust/02_solveit_worked_examples/solveit_01_elastic_head_on/solveit_01_elastic_head_on.ipynb  (9 cells)
simulator stopped
ok   SolveIt_Notebooks_for_rust/02_solveit_worked_examples/solveit_05_cyclotron_bdf/solveit_05_cyclotron_bdf.ipynb  (9 cells)
simulator stopped
ok   SolveIt_Notebooks_for_rust/02_solveit_worked_examples/solveit_09_newtons_cradle/solveit_09_newtons_cradle.ipynb  (9 cells)
simulator stopped
ok   SolveIt_Notebooks_for_rust/02_solveit_worked_examples/solveit_13_tilted_torus/solveit_13_tilted_torus.ipynb  (9 cells)
simulator stopped
ok   SolveIt_Notebooks_for_rust/02_solveit_worked_examples/solveit_17_pendulum_dae/solveit_17_pendulum_dae.ipynb  (10 cells)
simulator stopped
ok   SolveIt_Notebooks_for_rust/05_mechanism_videos/video_box_of_shapes/video_box_of_shapes.ipynb  (5 cells)
simulator stopped
ok   SolveIt_Notebooks_for_rust/05_mechanism_videos/video_gyroscope_gimbal/video_gyroscope_gimbal.ipynb  (8 cells)
simulator stopped
ok   SolveIt_Notebooks_for_rust/05_mechanism_videos/video_rod_pendulum_chain/video_rod_pendulum_chain.ipynb  (8 cells)
25 ok, 0 failed
