simulator stopped
ok   SolveIt_Notebooks_for_rust/04_collisions/collision_01_head_on_exchange/collision_01_head_on_exchange.ipynb  (9 cells)
simulator stopped
ok   SolveIt_Notebooks_for_rust/04_collisions/collision_05_billiard_break/collision_05_billiard_break.ipynb  (8 cells)
simulator stopped
ok   SolveIt_Notebooks_for_rust/04_collisions/collision_09_spinning_target/collision_09_spinning_target.ipynb  (8 cells)
simulator stopped
ok   SolveIt_Notebooks_for_rust/03_dynamics_and_routh/dynamic_billiard_box/dynamic_billiard_box.ipynb  (7 cells)
simulator stopped
ok   SolveIt_Notebooks_for_rust/03_dynamics_and_routh/dynamic_box_of_shapes_m32/dynamic_box_of_shapes_m32.ipynb  (11 cells)
simulator stopped
ok   SolveIt_Notebooks_for_rust/03_dynamics_and_routh/dynamic_double_slit/dynamic_double_slit.ipynb  (17 cells)
simulator stopped
ok   SolveIt_Notebooks_for_rust/03_dynamics_and_routh/dynamic_newtons_cradle/dynamic_newtons_cradle.ipynb  (7 cells)
simulator stopped
ok   SolveIt_Notebooks_for_rust/03_dynamics_and_routh/dynamic_routh_p1_apsidal_symmetry/dynamic_routh_p1_apsidal_symmetry.ipynb  (19 cells)
simulator stopped
ok   SolveIt_Notebooks_for_rust/03_dynamics_and_routh/dynamic_routh_p1_equilateral_three_body/dynamic_routh_p1_equilateral_three_body.ipynb  (19 cells)
simulator stopped
ok   SolveIt_Notebooks_for_rust/03_dynamics_and_routh/dynamic_routh_p1_hodograph_circle/dynamic_routh_p1_hodograph_circle.ipynb  (15 cells)
simulator stopped
ok   SolveIt_Notebooks_for_rust/03_dynamics_and_routh/dynamic_routh_p1_parabola_of_safety/dynamic_routh_p1_parabola_of_safety.ipynb  (21 cells)
simulator stopped
ok   SolveIt_Notebooks_for_rust/03_dynamics_and_routh/dynamic_routh_p2_correlated_bodies/dynamic_routh_p2_correlated_bodies.ipynb  (15 cells)
simulator stopped
ok   SolveIt_Notebooks_for_rust/03_dynamics_and_routh/dynamic_routh_p2_mean_axis_instability/dynamic_routh_p2_mean_axis_instability.ipynb  (19 cells)
simulator stopped
ok   SolveIt_Notebooks_for_rust/03_dynamics_and_routh/dynamic_routh_p2_principal_axes_in_space/dynamic_routh_p2_principal_axes_in_space.ipynb  (15 cells)
simulator stopped
ok   SolveIt_Notebooks_for_rust/03_dynamics_and_routh/dynamic_routh_p2_sylvester_time/dynamic_routh_p2_sylvester_time.ipynb  (16 cells)
simulator stopped
ok   SolveIt_Notebooks_for_rust/03_dynamics_and_routh/dynamic_routh_rectangle_diagonal/dynamic_routh_rectangle_diagonal.ipynb  (17 cells)
simulator stopped
ok   SolveIt_Notebooks_for_rust/03_dynamics_and_routh/dynamic_thin_wall_toi/dynamic_thin_wall_toi.ipynb  (9 cells)
simulator stopped
ok   SolveIt_Notebooks_for_rust/03_dynamics_and_routh/dynamic_tunneling/dynamic_tunneling.ipynb  (17 cells)
simulator stopped
ok   SolveIt_Notebooks_for_rust/02_solveit_worked_examples/solveit_02_keplers_third_law/solveit_02_keplers_third_law.ipynb  (19 cells)
simulator stopped
ok   SolveIt_Notebooks_for_rust/02_solveit_worked_examples/solveit_06_symplectic_vs_adaptive/solveit_06_symplectic_vs_adaptive.ipynb  (12 cells)
simulator stopped
ok   SolveIt_Notebooks_for_rust/02_solveit_worked_examples/solveit_10_no_tunnelling/solveit_10_no_tunnelling.ipynb  (6 cells)
simulator stopped
ok   SolveIt_Notebooks_for_rust/02_solveit_worked_examples/solveit_14_particle_in_a_box/solveit_14_particle_in_a_box.ipynb  (7 cells)
simulator stopped
ok   SolveIt_Notebooks_for_rust/02_solveit_worked_examples/solveit_18_equilibrium_and_sensitivity/solveit_18_equilibrium_and_sensitivity.ipynb  (12 cells)
simulator stopped
ok   SolveIt_Notebooks_for_rust/05_mechanism_videos/video_cardan_compass/video_cardan_compass.ipynb  (8 cells)
simulator stopped
ok   SolveIt_Notebooks_for_rust/05_mechanism_videos/video_kepler_ellipse/video_kepler_ellipse.ipynb  (5 cells)
simulator stopped
ok   SolveIt_Notebooks_for_rust/05_mechanism_videos/video_spinning_top/video_spinning_top.ipynb  (8 cells)
26 ok, 0 failed
