simulator stopped
ok   SolveIt_Notebooks_for_rust/04_collisions/collision_02_unequal_masses/collision_02_unequal_masses.ipynb  (6 cells)
simulator stopped
ok   SolveIt_Notebooks_for_rust/04_collisions/collision_06_spin_up/collision_06_spin_up.ipynb  (8 cells)
simulator stopped
ok   SolveIt_Notebooks_for_rust/04_collisions/collision_10_billiard_box/collision_10_billiard_box.ipynb  (8 cells)
simulator stopped
ok   SolveIt_Notebooks_for_rust/03_dynamics_and_routh/dynamic_billiard_break/dynamic_billiard_break.ipynb  (6 cells)
simulator stopped
ok   SolveIt_Notebooks_for_rust/03_dynamics_and_routh/dynamic_charged_in_b_field/dynamic_charged_in_b_field.ipynb  (10 cells)
simulator stopped
ok   SolveIt_Notebooks_for_rust/03_dynamics_and_routh/dynamic_head_on_exchange/dynamic_head_on_exchange.ipynb  (7 cells)
simulator stopped
ok   SolveIt_Notebooks_for_rust/03_dynamics_and_routh/dynamic_outer_solar_system/dynamic_outer_solar_system.ipynb  (7 cells)
simulator stopped
ok   SolveIt_Notebooks_for_rust/03_dynamics_and_routh/dynamic_routh_p1_centre_of_gravity/dynamic_routh_p1_centre_of_gravity.ipynb  (12 cells)
simulator stopped
ok   SolveIt_Notebooks_for_rust/03_dynamics_and_routh/dynamic_routh_p1_escape_velocity/dynamic_routh_p1_escape_velocity.ipynb  (12 cells)
simulator stopped
ok   SolveIt_Notebooks_for_rust/03_dynamics_and_routh/dynamic_routh_p1_kepler_equation/dynamic_routh_p1_kepler_equation.ipynb  (15 cells)
simulator stopped
ok   SolveIt_Notebooks_for_rust/03_dynamics_and_routh/dynamic_routh_p1_sphere_exchange/dynamic_routh_p1_sphere_exchange.ipynb  (14 cells)
simulator stopped
ok   SolveIt_Notebooks_for_rust/03_dynamics_and_routh/dynamic_routh_p2_fixed_couple/dynamic_routh_p2_fixed_couple.ipynb  (12 cells)
simulator stopped
ok   SolveIt_Notebooks_for_rust/03_dynamics_and_routh/dynamic_routh_p2_period_ratio/dynamic_routh_p2_period_ratio.ipynb  (13 cells)
simulator stopped
ok   SolveIt_Notebooks_for_rust/03_dynamics_and_routh/dynamic_routh_p2_rolling_cones/dynamic_routh_p2_rolling_cones.ipynb  (14 cells)
simulator stopped
ok   SolveIt_Notebooks_for_rust/03_dynamics_and_routh/dynamic_routh_p2_thin_rod/dynamic_routh_p2_thin_rod.ipynb  (12 cells)
simulator stopped
ok   SolveIt_Notebooks_for_rust/03_dynamics_and_routh/dynamic_spin_up/dynamic_spin_up.ipynb  (6 cells)
simulator stopped
ok   SolveIt_Notebooks_for_rust/03_dynamics_and_routh/dynamic_three_bodies/dynamic_three_bodies.ipynb  (7 cells)
simulator stopped
ok   SolveIt_Notebooks_for_rust/03_dynamics_and_routh/dynamic_two_dumbbells/dynamic_two_dumbbells.ipynb  (8 cells)
simulator stopped
ok   SolveIt_Notebooks_for_rust/02_solveit_worked_examples/solveit_03_three_conics/solveit_03_three_conics.ipynb  (6 cells)
simulator stopped
ok   SolveIt_Notebooks_for_rust/02_solveit_worked_examples/solveit_07_dzhanibekov/solveit_07_dzhanibekov.ipynb  (20 cells)
simulator stopped
ok   SolveIt_Notebooks_for_rust/02_solveit_worked_examples/solveit_11_lagrange_l4/solveit_11_lagrange_l4.ipynb  (8 cells)
simulator stopped
ok   SolveIt_Notebooks_for_rust/02_solveit_worked_examples/solveit_15_tunnelling/solveit_15_tunnelling.ipynb  (9 cells)
simulator stopped
ok   SolveIt_Notebooks_for_rust/02_solveit_worked_examples/solveit_19_hinged_door/solveit_19_hinged_door.ipynb  (10 cells)
simulator stopped
ok   SolveIt_Notebooks_for_rust/05_mechanism_videos/video_cardan_gear/video_cardan_gear.ipynb  (10 cells)
simulator stopped
ok   SolveIt_Notebooks_for_rust/05_mechanism_videos/video_piston_crankshaft/video_piston_crankshaft.ipynb  (10 cells)
simulator stopped
ok   SolveIt_Notebooks_for_rust/05_mechanism_videos/video_tumbling_racket/video_tumbling_racket.ipynb  (4 cells)
26 ok, 0 failed
