simulator stopped
ok   SolveIt_Notebooks_for_rust/04_collisions/collision_03_restitution_ladder/collision_03_restitution_ladder.ipynb  (18 cells)
simulator stopped
ok   SolveIt_Notebooks_for_rust/04_collisions/collision_07_thin_wall_toi/collision_07_thin_wall_toi.ipynb  (6 cells)
simulator stopped
ok   SolveIt_Notebooks_for_rust/04_collisions/collision_11_box_of_shapes/collision_11_box_of_shapes.ipynb  (10 cells)
simulator stopped
ok   SolveIt_Notebooks_for_rust/03_dynamics_and_routh/dynamic_bouncing_ball_restitution/dynamic_bouncing_ball_restitution.ipynb  (10 cells)
simulator stopped
ok   SolveIt_Notebooks_for_rust/03_dynamics_and_routh/dynamic_charged_in_e_field/dynamic_charged_in_e_field.ipynb  (8 cells)
simulator stopped
ok   SolveIt_Notebooks_for_rust/03_dynamics_and_routh/dynamic_kepler_orbit/dynamic_kepler_orbit.ipynb  (6 cells)
simulator stopped
ok   SolveIt_Notebooks_for_rust/03_dynamics_and_routh/dynamic_restitution_ladder/dynamic_restitution_ladder.ipynb  (10 cells)
simulator stopped
ok   SolveIt_Notebooks_for_rust/03_dynamics_and_routh/dynamic_routh_p1_collinear_three_body/dynamic_routh_p1_collinear_three_body.ipynb  (18 cells)
simulator stopped
ok   SolveIt_Notebooks_for_rust/03_dynamics_and_routh/dynamic_routh_p1_expanding_sphere/dynamic_routh_p1_expanding_sphere.ipynb  (13 cells)
simulator stopped
ok   SolveIt_Notebooks_for_rust/03_dynamics_and_routh/dynamic_routh_p1_lambert_theorem/dynamic_routh_p1_lambert_theorem.ipynb  (15 cells)
simulator stopped
ok   SolveIt_Notebooks_for_rust/03_dynamics_and_routh/dynamic_routh_p1_three_projectiles/dynamic_routh_p1_three_projectiles.ipynb  (14 cells)
simulator stopped
ok   SolveIt_Notebooks_for_rust/03_dynamics_and_routh/dynamic_routh_p2_impulsive_couple/dynamic_routh_p2_impulsive_couple.ipynb  (14 cells)
simulator stopped
ok   SolveIt_Notebooks_for_rust/03_dynamics_and_routh/dynamic_routh_p2_poinsot_rolling/dynamic_routh_p2_poinsot_rolling.ipynb  (15 cells)
simulator stopped
ok   SolveIt_Notebooks_for_rust/03_dynamics_and_routh/dynamic_routh_p2_separatrix/dynamic_routh_p2_separatrix.ipynb  (18 cells)
simulator stopped
ok   SolveIt_Notebooks_for_rust/03_dynamics_and_routh/dynamic_routh_p2_two_quadrics/dynamic_routh_p2_two_quadrics.ipynb  (15 cells)
simulator stopped
ok   SolveIt_Notebooks_for_rust/03_dynamics_and_routh/dynamic_spinning_target/dynamic_spinning_target.ipynb  (6 cells)
simulator stopped
ok   SolveIt_Notebooks_for_rust/03_dynamics_and_routh/dynamic_thrown_ball/dynamic_thrown_ball.ipynb  (9 cells)
simulator stopped
ok   SolveIt_Notebooks_for_rust/03_dynamics_and_routh/dynamic_unequal_masses/dynamic_unequal_masses.ipynb  (6 cells)
simulator stopped
ok   SolveIt_Notebooks_for_rust/02_solveit_worked_examples/solveit_04_restitution_ladder/solveit_04_restitution_ladder.ipynb  (10 cells)
simulator stopped
ok   SolveIt_Notebooks_for_rust/02_solveit_worked_examples/solveit_08_magnetic_torque/solveit_08_magnetic_torque.ipynb  (7 cells)
simulator stopped
ok   SolveIt_Notebooks_for_rust/02_solveit_worked_examples/solveit_12_dumbbell_inertia/solveit_12_dumbbell_inertia.ipynb  (6 cells)
simulator stopped
ok   SolveIt_Notebooks_for_rust/02_solveit_worked_examples/solveit_16_special_functions/solveit_16_special_functions.ipynb  (9 cells)
simulator stopped
ok   SolveIt_Notebooks_for_rust/05_mechanism_videos/video_ball_joint_chain/video_ball_joint_chain.ipynb  (7 cells)
simulator stopped
ok   SolveIt_Notebooks_for_rust/05_mechanism_videos/video_double_pendulum_hinges/video_double_pendulum_hinges.ipynb  (6 cells)
simulator stopped
ok   SolveIt_Notebooks_for_rust/05_mechanism_videos/video_rack_and_pinion/video_rack_and_pinion.ipynb  (8 cells)
simulator stopped
ok   SolveIt_Notebooks_for_rust/05_mechanism_videos/video_universal_joint/video_universal_joint.ipynb  (8 cells)
26 ok, 0 failed
