
2-species diurnal advection-diffusion problem
Sensitivity: YES ( SIMULTANEOUS + FULL ERROR CONTROL )

========================================================================
     T     Q       H      NST                    Bottom left  Top right 
========================================================================
7.200e+03  3  3.239e+01   644
                                Solution         1.0593e+04   1.1152e+04 
                                                 2.5567e+11   2.6917e+11 
                                ----------------------------------------
                                Sensitivity 1   -6.4963e+19  -6.8394e+19 
                                                 7.2120e+19   7.6304e+19 
                                ----------------------------------------
                                Sensitivity 2   -4.4900e+14  -4.9768e+14 
                                                -2.5039e+18  -2.7672e+18 
------------------------------------------------------------------------
1.440e+04  2  2.205e+01  1009
                                Solution         6.9172e+06   7.2517e+06 
                                                 2.6829e+11   2.8137e+11 
                                ----------------------------------------
                                Sensitivity 1   -4.2432e+22  -4.4483e+22 
                                                 6.2762e+22   6.6564e+22 
                                ----------------------------------------
                                Sensitivity 2   -4.8955e+17  -5.3580e+17 
                                                -7.1116e+21  -7.7237e+21 
------------------------------------------------------------------------
2.160e+04  2  4.047e+01  1600
                                Solution         2.7558e+07   2.9196e+07 
                                                 3.1024e+11   3.3000e+11 
                                ----------------------------------------
                                Sensitivity 1   -1.6903e+23  -1.7907e+23 
                                                 4.0588e+23   4.4683e+23 
                                ----------------------------------------
                                Sensitivity 2   -8.2851e+18  -9.3611e+18 
                                                -8.2852e+22  -9.3662e+22 
------------------------------------------------------------------------
2.880e+04  3  7.299e+01  2034
                                Solution         8.9631e+06   9.8602e+06 
                                                 3.4824e+11   3.8331e+11 
                                ----------------------------------------
                                Sensitivity 1   -5.4975e+22  -6.0476e+22 
                                                 5.8239e+23   7.0579e+23 
                                ----------------------------------------
                                Sensitivity 2   -5.2367e+18  -6.4007e+18 
                                                -1.8450e+23  -2.2574e+23 
------------------------------------------------------------------------
3.600e+04  4  2.064e+01  2145
                                Solution         1.4433e+04   1.6660e+04 
                                                 3.4814e+11   4.0186e+11 
                                ----------------------------------------
                                Sensitivity 1   -8.8547e+19  -1.0220e+20 
                                                 5.6474e+23   7.6273e+23 
                                ----------------------------------------
                                Sensitivity 2   -9.0220e+15  -1.2170e+16 
                                                -1.9753e+23  -2.6679e+23 
------------------------------------------------------------------------
4.320e+04  3  2.606e+02  2373
                                Solution        -9.2209e-09  -9.3326e-09 
                                                 3.4900e+11   4.0867e+11 
                                ----------------------------------------
                                Sensitivity 1    3.3156e+08  -3.4800e+07 
                                                 5.7083e+23   7.9553e+23 
                                ----------------------------------------
                                Sensitivity 2    1.3489e+04   1.2327e+04 
                                                -1.9969e+23  -2.7830e+23 
------------------------------------------------------------------------
5.040e+04  3  2.606e+02  2401
                                Solution         1.8957e-15   1.5410e-15 
                                                 3.5570e+11   4.1225e+11 
                                ----------------------------------------
                                Sensitivity 1   -9.4703e+03  -7.6805e+03 
                                                 5.9552e+23   8.1823e+23 
                                ----------------------------------------
                                Sensitivity 2   -9.2685e-02  -8.7392e-02 
                                                -2.0833e+23  -2.8624e+23 
------------------------------------------------------------------------
5.760e+04  4  1.229e+02  2437
                                Solution         1.2204e-08   2.3783e-09 
                                                 3.6425e+11   4.1628e+11 
                                ----------------------------------------
                                Sensitivity 1   -1.7406e+09  -3.3831e+08 
                                                 6.2592e+23   8.4334e+23 
                                ----------------------------------------
                                Sensitivity 2   -2.4587e+04  -6.0827e+03 
                                                -2.1897e+23  -2.9502e+23 
------------------------------------------------------------------------
6.480e+04  4  1.229e+02  2496
                                Solution         2.7400e-08   6.7289e-09 
                                                 3.6334e+11   4.2182e+11 
                                ----------------------------------------
                                Sensitivity 1   -1.0567e+09  -2.6748e+08 
                                                 6.2461e+23   8.7310e+23 
                                ----------------------------------------
                                Sensitivity 2    6.3034e+02   3.1717e+02 
                                                -2.1850e+23  -3.0544e+23 
------------------------------------------------------------------------
7.200e+04  4  3.009e+02  2542
                                Solution         6.9286e-13   1.1724e-13 
                                                 3.6192e+11   4.3354e+11 
                                ----------------------------------------
                                Sensitivity 1   -3.2782e+06  -5.0726e+05 
                                                 6.2310e+23   9.2796e+23 
                                ----------------------------------------
                                Sensitivity 2    9.1630e+02   2.1538e+02 
                                                -2.1798e+23  -3.2463e+23 
------------------------------------------------------------------------
7.920e+04  5  5.013e+02  2559
                                Solution        -9.2973e-15  -1.1371e-15 
                                                 3.6148e+11   4.4474e+11 
                                ----------------------------------------
                                Sensitivity 1   -2.8956e+04  -3.8639e+03 
                                                 6.2481e+23   9.8067e+23 
                                ----------------------------------------
                                Sensitivity 2    1.5885e+00   3.5445e-01 
                                                -2.1858e+23  -3.4307e+23 
------------------------------------------------------------------------
8.640e+04  5  5.013e+02  2573
                                Solution        -2.0347e-16  -2.6208e-17 
                                                 3.6318e+11   4.4524e+11 
                                ----------------------------------------
                                Sensitivity 1   -5.2872e+03  -7.8660e+02 
                                                 6.3248e+23   9.8819e+23 
                                ----------------------------------------
                                Sensitivity 2    7.7012e-01   1.8032e-01 
                                                -2.2126e+23  -3.4570e+23 
------------------------------------------------------------------------

Final Statistics

nst     =  2573

nfe     =  3666
netf    =   178    nsetups  =   522
nni     =  3662    ncfn     =    24

nfSe    =  7332    nfeS     = 14664
netfs   =     0    nsetupsS =     0
nniS    =     0    ncfnS    =     0

nli     =  7811    ncfl     =     0
npe     =    66    nps      = 16837
