 
1-D advection-diffusion equation, mesh size = 10
Sensitivity: YES ( SIMULTANEOUS + FULL ERROR CONTROL ) 
 
 ============================================================
      T     Q       H      NST                    Max norm   
 ============================================================
  5.000E-01  4   7.615E-03  115
                                 Solution          3.0529E+00
                                 Sensitivity 1     3.8668E+00
                                 Sensitivity 2     6.2020E-01
 ------------------------------------------------------------
  1.000E+00  3   6.905E-03  191
                                 Solution          8.7533E-01
                                 Sensitivity 1     2.1743E+00
                                 Sensitivity 2     1.8909E-01
 ------------------------------------------------------------
  1.500E+00  2   5.949E-03  279
                                 Solution          2.4949E-01
                                 Sensitivity 1     9.1826E-01
                                 Sensitivity 2     7.3922E-02
 ------------------------------------------------------------
  2.000E+00  2   2.065E-02  354
                                 Solution          7.1095E-02
                                 Sensitivity 1     3.4667E-01
                                 Sensitivity 2     2.8228E-02
 ------------------------------------------------------------
  2.500E+00  2   1.604E-02  420
                                 Solution          2.0259E-02
                                 Sensitivity 1     1.2301E-01
                                 Sensitivity 2     1.0085E-02
 ------------------------------------------------------------
  3.000E+00  2   6.085E-03  490
                                 Solution          5.7728E-03
                                 Sensitivity 1     4.1950E-02
                                 Sensitivity 2     3.4554E-03
 ------------------------------------------------------------
  3.500E+00  2   8.342E-03  557
                                 Solution          1.6450E-03
                                 Sensitivity 1     1.3922E-02
                                 Sensitivity 2     1.1669E-03
 ------------------------------------------------------------
  4.000E+00  2   9.418E-03  623
                                 Solution          4.6923E-04
                                 Sensitivity 1     4.5303E-03
                                 Sensitivity 2     3.8659E-04
 ------------------------------------------------------------
  4.500E+00  1   1.016E-02  692
                                 Solution          1.3439E-04
                                 Sensitivity 1     1.4574E-03
                                 Sensitivity 2     1.2602E-04
 ------------------------------------------------------------
  5.000E+00  1   1.016E-02  773
                                 Solution          3.8765E-05
                                 Sensitivity 1     4.6577E-04
                                 Sensitivity 2     4.0711E-05
 ------------------------------------------------------------
 
 Final Statistics
 
 nst     =      773
 nfe     =     1392
 nst     =        1    nsetups   =        0
 nni     =     1389    ncfn      =      130
 
 nfSe    =     2784    nfeS      =     5568
 netfS   =        0    nsetupsS  =        0
 nniS    =        0    ncfnS     =        0
