 
1-D advection-diffusion equation, mesh size = 10
Sensitivity: YES ( STAGGERED + FULL ERROR CONTROL ) 
 
 ============================================================
      T     Q       H      NST                    Max norm   
 ============================================================
  5.000E-01  3   3.019E-03  197
                                 Solution          3.0529E+00
                                 Sensitivity 1     3.8668E+00
                                 Sensitivity 2     6.2020E-01
 ------------------------------------------------------------
  1.000E+00  3   5.168E-03  303
                                 Solution          8.7532E-01
                                 Sensitivity 1     2.1743E+00
                                 Sensitivity 2     1.8909E-01
 ------------------------------------------------------------
  1.500E+00  3   4.932E-03  375
                                 Solution          2.4948E-01
                                 Sensitivity 1     9.1826E-01
                                 Sensitivity 2     7.3921E-02
 ------------------------------------------------------------
  2.000E+00  3   4.932E-03  476
                                 Solution          7.1094E-02
                                 Sensitivity 1     3.4667E-01
                                 Sensitivity 2     2.8226E-02
 ------------------------------------------------------------
  2.500E+00  2   4.039E-03  575
                                 Solution          2.0260E-02
                                 Sensitivity 1     1.2301E-01
                                 Sensitivity 2     1.0085E-02
 ------------------------------------------------------------
  3.000E+00  3   3.726E-03  659
                                 Solution          5.7769E-03
                                 Sensitivity 1     4.1959E-02
                                 Sensitivity 2     3.4586E-03
 ------------------------------------------------------------
  3.500E+00  3   3.726E-03  793
                                 Solution          1.6499E-03
                                 Sensitivity 1     1.3928E-02
                                 Sensitivity 2     1.1671E-03
 ------------------------------------------------------------
  4.000E+00  3   3.726E-03  928
                                 Solution          4.7381E-04
                                 Sensitivity 1     4.5280E-03
                                 Sensitivity 2     3.8638E-04
 ------------------------------------------------------------
  4.500E+00  3   3.726E-03 1062
                                 Solution          1.3869E-04
                                 Sensitivity 1     1.4523E-03
                                 Sensitivity 2     1.2545E-04
 ------------------------------------------------------------
  5.000E+00  3   3.726E-03 1196
                                 Solution          4.0992E-05
                                 Sensitivity 1     4.5277E-04
                                 Sensitivity 2     4.0097E-05
 ------------------------------------------------------------
 
 Final Statistics
 
 nst     =     1196
 nfe     =     2736
 nst     =        0    nsetups   =        0
 nni     =     1535    ncfn      =        8
 
 nfSe    =     3108    nfeS      =     6216
 netfS   =        0    nsetupsS  =        0
 nniS    =     1551    ncfnS     =        2
