
2D Heat PDE test problem:
 --------------------------------- 
  nprocs         = 4
  npx            = 2
  npy            = 2
 --------------------------------- 
  kx             = 1
  ky             = 1
  forcing        = 1
  tf             = 1
  xu             = 1
  yu             = 1
  nx             = 64
  ny             = 64
  nxl (proc 0)   = 32
  nyl (proc 0)   = 32
  dx             = 0.015873
  dy             = 0.015873
 --------------------------------- 
  rtol           = 1e-05
  atol           = 1e-10
  order          = 3
  fixed h        = 0
  controller     = I
  linear         = 1
 --------------------------------- 
  linear solver  = PCG
  lin iters      = 10
  eps lin        = 0
  prec           = 1
  msbp           = 0
  pfmg_relax     = 2
  pfmg_nrelax    = 2
 --------------------------------- 
  output         = 1
 --------------------------------- 

          t                     ||u||_rms                max error      
 -----------------------------------------------------------------------
 0.000000000000000e+00    3.691406249999997e-01    0.000000000000000e+00
 5.000000000000000e-02    3.602986319369791e-01    5.774416982091690e-04
 1.000000000000000e-01    3.341368530085089e-01    6.828785225913014e-04
 1.500000000000000e-01    2.933115381423620e-01    6.834465718770222e-04
 2.000000000000000e-01    2.418304058981541e-01    5.956824809869588e-04
 2.500000000000000e-01    1.847580507436742e-01    4.904854317613894e-04
 3.000000000000000e-01    1.276800467696475e-01    3.730420723132011e-04
 3.500000000000000e-01    7.618633579696928e-02    2.614493977557697e-04
 4.000000000000000e-01    3.531279890563803e-02    1.536555776162352e-04
 4.500000000000000e-01    9.065923241128234e-03    7.497503062546540e-05
 4.999999999999999e-01    1.353785943523560e-05    2.797949531610679e-05
 5.499999999999999e-01    9.040670734270461e-03    1.812863681965524e-05
 6.000000000000000e-01    3.526610374406378e-02    4.911494813446271e-05
 6.500000000000000e-01    7.612132026228409e-02    1.154671445518507e-04
 7.000000000000001e-01    1.276079504138858e-01    2.129194221829889e-04
 7.500000000000001e-01    1.846845284856280e-01    3.276110707410851e-04
 8.000000000000002e-01    2.417645100658215e-01    4.496965981118928e-04
 8.500000000000002e-01    2.932638336336972e-01    5.762189245247518e-04
 9.000000000000002e-01    3.341365955045130e-01    6.818339957972430e-04
 9.500000000000003e-01    3.603849070843216e-01    7.643952326420456e-04
 1.000000000000000e+00    3.694337662718774e-01    8.004825982593777e-04
 -----------------------------------------------------------------------

Final integrator statistics:
  Steps            = 72
  Step attempts    = 75
  Error test fails = 3
  RHS evals        = 603
  NLS iters        = 300
  NLS fails        = 0
  LS iters         = 2211
  LS fails         = 0
  LS setups        = 72
  J evals          = 4

  Avg NLS iters per step attempt = 4.000000
  Avg LS iters per NLS iter      = 7.370000

  Max error = 8.004825982593777e-04
