
2D Heat PDE test problem:
 --------------------------------- 
  nprocs         = 4
  npx            = 2
  npy            = 2
 --------------------------------- 
  kx             = 1
  ky             = 1
  forcing        = 1
  tf             = 1
  xu             = 1
  yu             = 1
  nx             = 64
  ny             = 64
  nxl (proc 0)   = 32
  nyl (proc 0)   = 32
  dx             = 0.015873
  dy             = 0.015873
 --------------------------------- 
  rtol           = 1e-05
  atol           = 1e-10
  order          = 3
  fixed h        = 0
  controller     = I
  linear         = 1
 --------------------------------- 
  linear solver  = PCG
  lin iters      = 10
  matvec         = 0
  eps lin        = 0
  prec           = 1
  msbp           = 0
  pfmg_relax     = 2
  pfmg_nrelax    = 2
 --------------------------------- 
  output         = 1
 --------------------------------- 

          t                     ||u||_rms                max error      
 -----------------------------------------------------------------------
 0.000000000000000e+00    3.691406249999997e-01    0.000000000000000e+00
 5.000000000000000e-02    3.602986320635326e-01    5.774420457154150e-04
 1.000000000000000e-01    3.341368533436415e-01    6.828794460415066e-04
 1.500000000000000e-01    2.933115386584448e-01    6.834480966853018e-04
 2.000000000000000e-01    2.418304064388808e-01    5.956840821752518e-04
 2.500000000000000e-01    1.847580506898129e-01    4.904853662119901e-04
 3.000000000000000e-01    1.276800472412760e-01    3.730433752280882e-04
 3.500000000000000e-01    7.618633631613266e-02    2.614508178560015e-04
 4.000000000000000e-01    3.531279915461780e-02    1.536562861532420e-04
 4.500000000000000e-01    9.065923354649719e-03    7.497533794462163e-05
 4.999999999999999e-01    1.353785402456303e-05    2.797948030366725e-05
 5.499999999999999e-01    9.040670711293688e-03    1.812858030566730e-05
 6.000000000000000e-01    3.526610370463860e-02    4.911486517385211e-05
 6.500000000000000e-01    7.612132016850530e-02    1.154669517850482e-04
 7.000000000000001e-01    1.276079504371470e-01    2.129194889825547e-04
 7.500000000000001e-01    1.846845277864336e-01    3.276092113738138e-04
 8.000000000000002e-01    2.417645088570386e-01    4.496934240775241e-04
 8.500000000000002e-01    2.932638325380387e-01    5.762160031260732e-04
 9.000000000000002e-01    3.341365972319369e-01    6.818387037349494e-04
 9.500000000000003e-01    3.603849068395139e-01    7.643946177134930e-04
 1.000000000000000e+00    3.694337662603858e-01    8.004825589534859e-04
 -----------------------------------------------------------------------

Final integrator statistics:
  Steps            = 72
  Step attempts    = 75
  Error test fails = 3
  RHS evals        = 603
  NLS iters        = 300
  NLS fails        = 0
  LS iters         = 1901
  LS fails         = 0
  LS setups        = 72
  LS RHS evals     = 1901
  Jv products      = 1901

  Avg NLS iters per step attempt = 4.000000
  Avg LS iters per NLS iter      = 6.336667

  Preconditioner setups = 72
  Preconditioner solves = 1901
  PFMG iters            = 1901

  Max error = 8.004825589534859e-04
